>       I          GOSUB    SUB1
#^^^^^^^ source.testcontrolprotocol instruction-line.testcontrolprotocol
#       ^^ source.testcontrolprotocol instruction-line.testcontrolprotocol entity.other.attribute-name.testcontrolprotocol
#         ^^^^^^^^^ source.testcontrolprotocol instruction-line.testcontrolprotocol entity.name.function.testcontrolprotocol
#                  ^^^^^^^^^ source.testcontrolprotocol instruction-line.testcontrolprotocol keyword.control.testcontrolprotocol
#                           ^^^^^ source.testcontrolprotocol instruction-line.testcontrolprotocol entity.name.function.testcontrolprotocol
>       I          SEARCH   NOTFND   TEST     FIRST
#^^^^^^^ source.testcontrolprotocol instruction-line.testcontrolprotocol
#       ^^ source.testcontrolprotocol instruction-line.testcontrolprotocol entity.other.attribute-name.testcontrolprotocol
#         ^^^^^^^^^ source.testcontrolprotocol instruction-line.testcontrolprotocol entity.name.function.testcontrolprotocol
#                  ^^^^^^^^^ source.testcontrolprotocol instruction-line.testcontrolprotocol keyword.control.testcontrolprotocol
#                           ^^^^^^^^^ source.testcontrolprotocol instruction-line.testcontrolprotocol entity.name.function.testcontrolprotocol
#                                    ^^^^^^^^^ source.testcontrolprotocol instruction-line.testcontrolprotocol string.testcontrolprotocol
#                                             ^^^^^ source.testcontrolprotocol instruction-line.testcontrolprotocol string.testcontrolprotocol
>       I          DATE,GT  TODAY    FMT
#^^^^^^^ source.testcontrolprotocol instruction-line.testcontrolprotocol
#       ^^ source.testcontrolprotocol instruction-line.testcontrolprotocol entity.other.attribute-name.testcontrolprotocol
#         ^^^^^^^^^ source.testcontrolprotocol instruction-line.testcontrolprotocol entity.name.function.testcontrolprotocol
#                  ^^^^^^^^^ source.testcontrolprotocol instruction-line.testcontrolprotocol keyword.control.testcontrolprotocol
#                           ^^^^^^^^^ source.testcontrolprotocol instruction-line.testcontrolprotocol entity.name.function.testcontrolprotocol
#                                    ^^^^ source.testcontrolprotocol instruction-line.testcontrolprotocol string.testcontrolprotocol
>       I          GOTCP    T0400    START
#^^^^^^^ source.testcontrolprotocol instruction-line.testcontrolprotocol
#       ^^ source.testcontrolprotocol instruction-line.testcontrolprotocol entity.other.attribute-name.testcontrolprotocol
#         ^^^^^^^^^ source.testcontrolprotocol instruction-line.testcontrolprotocol entity.name.function.testcontrolprotocol
#                  ^^^^^^^^^ source.testcontrolprotocol instruction-line.testcontrolprotocol keyword.control.testcontrolprotocol
#                           ^^^^^^^^^ source.testcontrolprotocol instruction-line.testcontrolprotocol support.type.testcontrolprotocol
#                                    ^^^^^^ source.testcontrolprotocol instruction-line.testcontrolprotocol string.testcontrolprotocol
>       I          GOTCP,EQ T0500    FLAG
#^^^^^^^ source.testcontrolprotocol instruction-line.testcontrolprotocol
#       ^^ source.testcontrolprotocol instruction-line.testcontrolprotocol entity.other.attribute-name.testcontrolprotocol
#         ^^^^^^^^^ source.testcontrolprotocol instruction-line.testcontrolprotocol entity.name.function.testcontrolprotocol
#                  ^^^^^^^^^ source.testcontrolprotocol instruction-line.testcontrolprotocol keyword.control.testcontrolprotocol
#                           ^^^^^^^^^ source.testcontrolprotocol instruction-line.testcontrolprotocol support.type.testcontrolprotocol
#                                    ^^^^^ source.testcontrolprotocol instruction-line.testcontrolprotocol string.testcontrolprotocol
>       I          GET      RESULT   PCT1
#^^^^^^^ source.testcontrolprotocol instruction-line.testcontrolprotocol
#       ^^ source.testcontrolprotocol instruction-line.testcontrolprotocol entity.other.attribute-name.testcontrolprotocol
#         ^^^^^^^^^ source.testcontrolprotocol instruction-line.testcontrolprotocol entity.name.function.testcontrolprotocol
#                  ^^^^^^^^^ source.testcontrolprotocol instruction-line.testcontrolprotocol keyword.control.testcontrolprotocol
#                           ^^^^^^^^^ source.testcontrolprotocol instruction-line.testcontrolprotocol entity.name.function.testcontrolprotocol
#                                    ^^^^^ source.testcontrolprotocol instruction-line.testcontrolprotocol string.testcontrolprotocol
>       I          GOTO,MM  PCT1     TEMPLATE
#^^^^^^^ source.testcontrolprotocol instruction-line.testcontrolprotocol
#       ^^ source.testcontrolprotocol instruction-line.testcontrolprotocol entity.other.attribute-name.testcontrolprotocol
#         ^^^^^^^^^ source.testcontrolprotocol instruction-line.testcontrolprotocol entity.name.function.testcontrolprotocol
#                  ^^^^^^^^^ source.testcontrolprotocol instruction-line.testcontrolprotocol keyword.control.testcontrolprotocol
#                           ^^^^^^^^^ source.testcontrolprotocol instruction-line.testcontrolprotocol entity.name.function.testcontrolprotocol
#                                    ^^^^^^^^^ source.testcontrolprotocol instruction-line.testcontrolprotocol string.testcontrolprotocol
>       I          GOTO,XX  PCT1     VALUE
#^^^^^^^ source.testcontrolprotocol instruction-line.testcontrolprotocol
#       ^^ source.testcontrolprotocol instruction-line.testcontrolprotocol entity.other.attribute-name.testcontrolprotocol
#         ^^^^^^^^^ source.testcontrolprotocol instruction-line.testcontrolprotocol entity.name.function.testcontrolprotocol
#                  ^^^^^^^^^ source.testcontrolprotocol instruction-line.testcontrolprotocol keyword.control.testcontrolprotocol
#                           ^^^^^^^^^ source.testcontrolprotocol instruction-line.testcontrolprotocol string.testcontrolprotocol
#                                    ^^^^^^ source.testcontrolprotocol instruction-line.testcontrolprotocol string.testcontrolprotocol
>       I          NORMAL   RRANGE
#^^^^^^^ source.testcontrolprotocol instruction-line.testcontrolprotocol
#       ^^ source.testcontrolprotocol instruction-line.testcontrolprotocol entity.other.attribute-name.testcontrolprotocol
#         ^^^^^^^^^ source.testcontrolprotocol instruction-line.testcontrolprotocol entity.name.function.testcontrolprotocol
#                  ^^^^^^^^^ source.testcontrolprotocol instruction-line.testcontrolprotocol keyword.control.testcontrolprotocol
#                           ^^^^^^^ source.testcontrolprotocol instruction-line.testcontrolprotocol storage.testcontrolprotocol
>       I          CR TEST  TESTA    TESTB    RESA-C
#^^^^^^^ source.testcontrolprotocol instruction-line.testcontrolprotocol
#       ^^ source.testcontrolprotocol instruction-line.testcontrolprotocol entity.other.attribute-name.testcontrolprotocol
#         ^^^^^^^^^ source.testcontrolprotocol instruction-line.testcontrolprotocol entity.name.function.testcontrolprotocol
#                  ^^^^^^^^^ source.testcontrolprotocol instruction-line.testcontrolprotocol keyword.control.testcontrolprotocol
#                           ^^^^^^^^^ source.testcontrolprotocol instruction-line.testcontrolprotocol storage.testcontrolprotocol
#                                    ^^^^^^^^^ source.testcontrolprotocol instruction-line.testcontrolprotocol entity.name.function.testcontrolprotocol
#                                             ^^^^^^ source.testcontrolprotocol instruction-line.testcontrolprotocol entity.name.function.testcontrolprotocol
>       I          CR CRS   CRSA-P
#^^^^^^^ source.testcontrolprotocol instruction-line.testcontrolprotocol
#       ^^ source.testcontrolprotocol instruction-line.testcontrolprotocol entity.other.attribute-name.testcontrolprotocol
#         ^^^^^^^^^ source.testcontrolprotocol instruction-line.testcontrolprotocol entity.name.function.testcontrolprotocol
#                  ^^^^^^^^^ source.testcontrolprotocol instruction-line.testcontrolprotocol keyword.control.testcontrolprotocol
#                           ^^^^^^^ source.testcontrolprotocol instruction-line.testcontrolprotocol storage.testcontrolprotocol
>       I          CR CRS   CRSB-P            CRSB-C
#^^^^^^^ source.testcontrolprotocol instruction-line.testcontrolprotocol
#       ^^ source.testcontrolprotocol instruction-line.testcontrolprotocol entity.other.attribute-name.testcontrolprotocol
#         ^^^^^^^^^ source.testcontrolprotocol instruction-line.testcontrolprotocol entity.name.function.testcontrolprotocol
#                  ^^^^^^^^^ source.testcontrolprotocol instruction-line.testcontrolprotocol keyword.control.testcontrolprotocol
#                           ^^^^^^^^^^ source.testcontrolprotocol instruction-line.testcontrolprotocol storage.testcontrolprotocol
#                                     ^^^^^^^^ source.testcontrolprotocol instruction-line.testcontrolprotocol entity.name.function.testcontrolprotocol
#                                             ^^^^^^ source.testcontrolprotocol instruction-line.testcontrolprotocol entity.name.function.testcontrolprotocol
>       I          GROUP    TITLE
#^^^^^^^ source.testcontrolprotocol instruction-line.testcontrolprotocol
#       ^^ source.testcontrolprotocol instruction-line.testcontrolprotocol entity.other.attribute-name.testcontrolprotocol
#         ^^^^^^^^^ source.testcontrolprotocol instruction-line.testcontrolprotocol entity.name.function.testcontrolprotocol
#                  ^^^^^^^^^ source.testcontrolprotocol instruction-line.testcontrolprotocol keyword.control.testcontrolprotocol
#                           ^^^^^^ source.testcontrolprotocol instruction-line.testcontrolprotocol storage.testcontrolprotocol
>       I NEXT     GROUP
#^^^^^^^ source.testcontrolprotocol instruction-line.testcontrolprotocol
#       ^^ source.testcontrolprotocol instruction-line.testcontrolprotocol entity.other.attribute-name.testcontrolprotocol
#         ^^^^^^^^^ source.testcontrolprotocol instruction-line.testcontrolprotocol entity.name.function.testcontrolprotocol
#                  ^^^^^^ source.testcontrolprotocol instruction-line.testcontrolprotocol keyword.control.testcontrolprotocol
>       I          CR REQ   REQA-P   REQA-H   REQA-L
#^^^^^^^ source.testcontrolprotocol instruction-line.testcontrolprotocol
#       ^^ source.testcontrolprotocol instruction-line.testcontrolprotocol entity.other.attribute-name.testcontrolprotocol
#         ^^^^^^^^^ source.testcontrolprotocol instruction-line.testcontrolprotocol entity.name.function.testcontrolprotocol
#                  ^^^^^^^^^ source.testcontrolprotocol instruction-line.testcontrolprotocol keyword.control.testcontrolprotocol
#                           ^^^^^^^^^ source.testcontrolprotocol instruction-line.testcontrolprotocol storage.testcontrolprotocol
#                                    ^^^^^^^^^ source.testcontrolprotocol instruction-line.testcontrolprotocol entity.name.function.testcontrolprotocol
#                                             ^^^^^^ source.testcontrolprotocol instruction-line.testcontrolprotocol entity.name.function.testcontrolprotocol
>       I HBACOMS  CR COM   HBAC-P
#^^^^^^^ source.testcontrolprotocol instruction-line.testcontrolprotocol
#       ^^ source.testcontrolprotocol instruction-line.testcontrolprotocol entity.other.attribute-name.testcontrolprotocol
#         ^^^^^^^^^ source.testcontrolprotocol instruction-line.testcontrolprotocol entity.name.function.testcontrolprotocol
#                  ^^^^^^^^^ source.testcontrolprotocol instruction-line.testcontrolprotocol keyword.control.testcontrolprotocol
#                           ^^^^^^^ source.testcontrolprotocol instruction-line.testcontrolprotocol storage.testcontrolprotocol
>       I          CR COM
#^^^^^^^ source.testcontrolprotocol instruction-line.testcontrolprotocol
#       ^^ source.testcontrolprotocol instruction-line.testcontrolprotocol entity.other.attribute-name.testcontrolprotocol
#         ^^^^^^^^^ source.testcontrolprotocol instruction-line.testcontrolprotocol entity.name.function.testcontrolprotocol
#                  ^^^^^^^ source.testcontrolprotocol instruction-line.testcontrolprotocol keyword.control.testcontrolprotocol
>       I          PRINT    1        TITLE
#^^^^^^^ source.testcontrolprotocol instruction-line.testcontrolprotocol
#       ^^ source.testcontrolprotocol instruction-line.testcontrolprotocol entity.other.attribute-name.testcontrolprotocol
#         ^^^^^^^^^ source.testcontrolprotocol instruction-line.testcontrolprotocol entity.name.function.testcontrolprotocol
#                  ^^^^^^^^^ source.testcontrolprotocol instruction-line.testcontrolprotocol keyword.control.testcontrolprotocol
#                           ^^^^^^^^^ source.testcontrolprotocol instruction-line.testcontrolprotocol string.testcontrolprotocol
#                                    ^^^^^^ source.testcontrolprotocol instruction-line.testcontrolprotocol storage.testcontrolprotocol
>       I          PRINT,H  1        DATE8
#^^^^^^^ source.testcontrolprotocol instruction-line.testcontrolprotocol
#       ^^ source.testcontrolprotocol instruction-line.testcontrolprotocol entity.other.attribute-name.testcontrolprotocol
#         ^^^^^^^^^ source.testcontrolprotocol instruction-line.testcontrolprotocol entity.name.function.testcontrolprotocol
#                  ^^^^^^^^^ source.testcontrolprotocol instruction-line.testcontrolprotocol keyword.control.testcontrolprotocol
#                           ^^^^^^^^^ source.testcontrolprotocol instruction-line.testcontrolprotocol string.testcontrolprotocol
#                                    ^^^^^^ source.testcontrolprotocol instruction-line.testcontrolprotocol storage.testcontrolprotocol
>       I          PRINT,A  50       SPACE    5
#^^^^^^^ source.testcontrolprotocol instruction-line.testcontrolprotocol
#       ^^ source.testcontrolprotocol instruction-line.testcontrolprotocol entity.other.attribute-name.testcontrolprotocol
#         ^^^^^^^^^ source.testcontrolprotocol instruction-line.testcontrolprotocol entity.name.function.testcontrolprotocol
#                  ^^^^^^^^^ source.testcontrolprotocol instruction-line.testcontrolprotocol keyword.control.testcontrolprotocol
#                           ^^^^^^^^^ source.testcontrolprotocol instruction-line.testcontrolprotocol string.testcontrolprotocol
#                                    ^^^^^^^^^ source.testcontrolprotocol instruction-line.testcontrolprotocol storage.testcontrolprotocol
#                                             ^ source.testcontrolprotocol instruction-line.testcontrolprotocol string.testcontrolprotocol
>       I          PRINT,R  21
#^^^^^^^ source.testcontrolprotocol instruction-line.testcontrolprotocol
#       ^^ source.testcontrolprotocol instruction-line.testcontrolprotocol entity.other.attribute-name.testcontrolprotocol
#         ^^^^^^^^^ source.testcontrolprotocol instruction-line.testcontrolprotocol entity.name.function.testcontrolprotocol
#                  ^^^^^^^^^ source.testcontrolprotocol instruction-line.testcontrolprotocol keyword.control.testcontrolprotocol
#                           ^^^ source.testcontrolprotocol instruction-line.testcontrolprotocol string.testcontrolprotocol
>       I          PRINT,J  31       AV0
#^^^^^^^ source.testcontrolprotocol instruction-line.testcontrolprotocol
#       ^^ source.testcontrolprotocol instruction-line.testcontrolprotocol entity.other.attribute-name.testcontrolprotocol
#         ^^^^^^^^^ source.testcontrolprotocol instruction-line.testcontrolprotocol entity.name.function.testcontrolprotocol
#                  ^^^^^^^^^ source.testcontrolprotocol instruction-line.testcontrolprotocol keyword.control.testcontrolprotocol
#                           ^^^^^^^^^ source.testcontrolprotocol instruction-line.testcontrolprotocol string.testcontrolprotocol
#                                    ^^^^ source.testcontrolprotocol instruction-line.testcontrolprotocol string.testcontrolprotocol
>