>       I          GOSUB    SUB1
#^^^^^^^ source.testcontrolprotocol instruction-line.testcontrolprotocol
#       ^^ source.testcontrolprotocol instruction-line.testcontrolprotocol entity.other.attribute-name.testcontrolprotocol
#         ^^^^^^^^^ source.testcontrolprotocol instruction-line.testcontrolprotocol entity.name.function.testcontrolprotocol
#                  ^^^^^^^^^ source.testcontrolprotocol instruction-line.testcontrolprotocol keyword.control.testcontrolprotocol
#                           ^^^^^ source.testcontrolprotocol instruction-line.testcontrolprotocol entity.name.function.testcontrolprotocol
>       I          SEARCH   NOTFND   TEST     FIRST
#^^^^^^^ source.testcontrolprotocol instruction-line.testcontrolprotocol
#       ^^ source.testcontrolprotocol instruction-line.testcontrolprotocol entity.other.attribute-name.testcontrolprotocol
#         ^^^^^^^^^ source.testcontrolprotocol instruction-line.testcontrolprotocol entity.name.function.testcontrolprotocol
#                  ^^^^^^^^^ source.testcontrolprotocol instruction-line.testcontrolprotocol keyword.control.testcontrolprotocol
#                           ^^^^^^^^^ source.testcontrolprotocol instruction-line.testcontrolprotocol entity.name.function.testcontrolprotocol
#                                    ^^^^^^^^^ source.testcontrolprotocol instruction-line.testcontrolprotocol constant.language.testcontrolprotocol
#                                             ^^^^^ source.testcontrolprotocol instruction-line.testcontrolprotocol string.testcontrolprotocol
>       I          DATE,GT  TODAY    FMT
#^^^^^^^ source.testcontrolprotocol instruction-line.testcontrolprotocol
#       ^^ source.testcontrolprotocol instruction-line.testcontrolprotocol entity.other.attribute-name.testcontrolprotocol
#         ^^^^^^^^^ source.testcontrolprotocol instruction-line.testcontrolprotocol entity.name.function.testcontrolprotocol
#                  ^^^^^^^^^ source.testcontrolprotocol instruction-line.testcontrolprotocol keyword.control.testcontrolprotocol
#                           ^^^^^^^^^ source.testcontrolprotocol instruction-line.testcontrolprotocol entity.name.function.testcontrolprotocol
#                                    ^^^^ source.testcontrolprotocol instruction-line.testcontrolprotocol string.testcontrolprotocol
>       I          GOTCP    T0400    START
#^^^^^^^ source.testcontrolprotocol instruction-line.testcontrolprotocol
#       ^^ source.testcontrolprotocol instruction-line.testcontrolprotocol entity.other.attribute-name.testcontrolprotocol
#         ^^^^^^^^^ source.testcontrolprotocol instruction-line.testcontrolprotocol entity.name.function.testcontrolprotocol
#                  ^^^^^^^^^ source.testcontrolprotocol instruction-line.testcontrolprotocol keyword.control.testcontrolprotocol
#                           ^^^^^^^^^ source.testcontrolprotocol instruction-line.testcontrolprotocol storage.type.testcontrolprotocol
#                                    ^^^^^^ source.testcontrolprotocol instruction-line.testcontrolprotocol string.testcontrolprotocol
>       I          GOTCP,EQ T0500    FLAG
#^^^^^^^ source.testcontrolprotocol instruction-line.testcontrolprotocol
#       ^^ source.testcontrolprotocol instruction-line.testcontrolprotocol entity.other.attribute-name.testcontrolprotocol
#         ^^^^^^^^^ source.testcontrolprotocol instruction-line.testcontrolprotocol entity.name.function.testcontrolprotocol
#                  ^^^^^^^^^ source.testcontrolprotocol instruction-line.testcontrolprotocol keyword.control.testcontrolprotocol
#                           ^^^^^^^^^ source.testcontrolprotocol instruction-line.testcontrolprotocol storage.type.testcontrolprotocol
#                                    ^^^^^ source.testcontrolprotocol instruction-line.testcontrolprotocol string.testcontrolprotocol
>       I          GET      RESULT   PCT1
#^^^^^^^ source.testcontrolprotocol instruction-line.testcontrolprotocol
#       ^^ source.testcontrolprotocol instruction-line.testcontrolprotocol entity.other.attribute-name.testcontrolprotocol
#         ^^^^^^^^^ source.testcontrolprotocol instruction-line.testcontrolprotocol entity.name.function.testcontrolprotocol
#                  ^^^^^^^^^ source.testcontrolprotocol instruction-line.testcontrolprotocol keyword.control.testcontrolprotocol
#                           ^^^^^^^^^ source.testcontrolprotocol instruction-line.testcontrolprotocol entity.name.function.testcontrolprotocol
#                                    ^^^^^ source.testcontrolprotocol instruction-line.testcontrolprotocol string.testcontrolprotocol
>       I          GOTO,MM  PCT1     TEMPLATE
#^^^^^^^ source.testcontrolprotocol instruction-line.testcontrolprotocol
#       ^^ source.testcontrolprotocol instruction-line.testcontrolprotocol entity.other.attribute-name.testcontrolprotocol
#         ^^^^^^^^^ source.testcontrolprotocol instruction-line.testcontrolprotocol entity.name.function.testcontrolprotocol
#                  ^^^^^^^^^ source.testcontrolprotocol instruction-line.testcontrolprotocol keyword.control.testcontrolprotocol
#                           ^^^^^^^^^ source.testcontrolprotocol instruction-line.testcontrolprotocol entity.name.function.testcontrolprotocol
#                                    ^^^^^^^^^ source.testcontrolprotocol instruction-line.testcontrolprotocol string.testcontrolprotocol
>       I          GOTO,XX  PCT1     VALUE
#^^^^^^^ source.testcontrolprotocol instruction-line.testcontrolprotocol
#       ^^ source.testcontrolprotocol instruction-line.testcontrolprotocol entity.other.attribute-name.testcontrolprotocol
#         ^^^^^^^^^ source.testcontrolprotocol instruction-line.testcontrolprotocol entity.name.function.testcontrolprotocol
#                  ^^^^^^^^^ source.testcontrolprotocol instruction-line.testcontrolprotocol keyword.control.testcontrolprotocol
#                           ^^^^^^^^^ source.testcontrolprotocol instruction-line.testcontrolprotocol string.testcontrolprotocol
#                                    ^^^^^^ source.testcontrolprotocol instruction-line.testcontrolprotocol string.testcontrolprotocol
>