>      X                    
#^^^^^^^^^^^^^^^^^^^^^^^^^^^^ source.testcontrolprotocol invalid.illegal-character.testcontrolprotocol
>       A OVERFLOW XXXXXXXXXXXXXXXXXXXXXXXXXXXXXXXXXXXXXXXXXXXXXXXXXXXXXXXXXXXXXXXXXXXXXX
#^^^^^^^^^^^^^^^^^^^^^^^^^^^^^^^^^^^^^^^^^^^^^^^^^^^^^^^^^^^^^^^^^^^^^^^^^^^^^^^^^^^^^^^^^ source.testcontrolprotocol invalid.too-long.testcontrolprotocol
>