>       T0302 Procalcitonin
#^^^^^^^ source.testcontrolprotocol title-line.testcontrolprotocol
#       ^^^^^ source.testcontrolprotocol title-line.testcontrolprotocol storage.type.testcontrolprotocol
#            ^^^^^^^^^^^^^^ source.testcontrolprotocol title-line.testcontrolprotocol storage.type.testcontrolprotocol
>       Q0500 Quality Flag
#^^^^^^^ source.testcontrolprotocol title-line.testcontrolprotocol
#       ^^^^^ source.testcontrolprotocol title-line.testcontrolprotocol storage.type.testcontrolprotocol
#            ^^^^^^^^^^^^^ source.testcontrolprotocol title-line.testcontrolprotocol storage.type.testcontrolprotocol
>